// Jest Snapshot v1, https://goo.gl/fbAQLP

exports[`breadcrumb should render 1`] = `
<div>
  <div
    class="css-1s8nurg"
  >
    <a
      href="/"
    >
      <span
        class="css-1bdcejg"
      >
        <span>
          Home
        </span>
      </span>
    </a>
    <a
      href="/one"
    >
       &gt; 
      <span
        class="css-1bdcejg"
      >
        <span>
          One
        </span>
      </span>
    </a>
    <a
      href="/one/two"
    >
       &gt; 
      <span
        class="css-1bdcejg"
      >
        <span>
          Two
        </span>
      </span>
    </a>
    <a
      href="/one/two/three"
    >
       &gt; 
      <span
        class="css-1bdcejg"
      >
        <span>
          Three
        </span>
      </span>
    </a>
  </div>
  <span
    hidden=""
    id="__chakra_env"
  />
</div>
`;
