// Jest Snapshot v1, https://goo.gl/fbAQLP

exports[`layout should render 1`] = `
<body
  class="chakra-ui-dark"
>
  <div>
    <div
      class="css-rsr9j6"
    >
      <div
        class="toolbar"
      />
    </div>
    <span
      hidden=""
      id="__chakra_env"
    />
  </div>
  <div
    class="chakra-portal"
  >
    <div
      aria-label="Notifications"
      aria-live="polite"
      id="chakra-toast-manager-top"
      role="region"
      style="position: fixed; z-index: var(--toast-z-index, 5500); pointer-events: none; display: flex; flex-direction: column; margin: 0px auto;"
    />
    <div
      aria-label="Notifications"
      aria-live="polite"
      id="chakra-toast-manager-top-left"
      role="region"
      style="position: fixed; z-index: var(--toast-z-index, 5500); pointer-events: none; display: flex; flex-direction: column;"
    />
    <div
      aria-label="Notifications"
      aria-live="polite"
      id="chakra-toast-manager-top-right"
      role="region"
      style="position: fixed; z-index: var(--toast-z-index, 5500); pointer-events: none; display: flex; flex-direction: column;"
    />
    <div
      aria-label="Notifications"
      aria-live="polite"
      id="chakra-toast-manager-bottom-left"
      role="region"
      style="position: fixed; z-index: var(--toast-z-index, 5500); pointer-events: none; display: flex; flex-direction: column;"
    />
    <div
      aria-label="Notifications"
      aria-live="polite"
      id="chakra-toast-manager-bottom"
      role="region"
      style="position: fixed; z-index: var(--toast-z-index, 5500); pointer-events: none; display: flex; flex-direction: column; margin: 0px auto;"
    />
    <div
      aria-label="Notifications"
      aria-live="polite"
      id="chakra-toast-manager-bottom-right"
      role="region"
      style="position: fixed; z-index: var(--toast-z-index, 5500); pointer-events: none; display: flex; flex-direction: column;"
    />
  </div>
</body>
`;
