// Jest Snapshot v1, https://goo.gl/fbAQLP

exports[`layout should render 1`] = `
<body
  class="chakra-ui-dark"
>
  <div>
    <div
      class="sc-bczRLJ kvUFdG"
    >
      <div
        class="toolbar"
      />
    </div>
    <span
      class="chakra-env"
      hidden=""
    />
  </div>
  <div
    class="chakra-portal"
  >
    <ul
      aria-live="polite"
      id="chakra-toast-manager-top"
      role="region"
      style="position: fixed; z-index: 5500; pointer-events: none; display: flex; flex-direction: column; margin: 0px auto;"
    />
    <ul
      aria-live="polite"
      id="chakra-toast-manager-top-left"
      role="region"
      style="position: fixed; z-index: 5500; pointer-events: none; display: flex; flex-direction: column;"
    />
    <ul
      aria-live="polite"
      id="chakra-toast-manager-top-right"
      role="region"
      style="position: fixed; z-index: 5500; pointer-events: none; display: flex; flex-direction: column;"
    />
    <ul
      aria-live="polite"
      id="chakra-toast-manager-bottom-left"
      role="region"
      style="position: fixed; z-index: 5500; pointer-events: none; display: flex; flex-direction: column;"
    />
    <ul
      aria-live="polite"
      id="chakra-toast-manager-bottom"
      role="region"
      style="position: fixed; z-index: 5500; pointer-events: none; display: flex; flex-direction: column; margin: 0px auto;"
    />
    <ul
      aria-live="polite"
      id="chakra-toast-manager-bottom-right"
      role="region"
      style="position: fixed; z-index: 5500; pointer-events: none; display: flex; flex-direction: column;"
    />
  </div>
</body>
`;
